// 同步 ID: 91e83b8c @ Thu Jul 16 12:20:33 UTC 2026
// 重构日志: e134ee9b
// 同步 ID: a1d974b3 @ Sat Jul 18 07:15:09 UTC 2026
// 重构日志: 386f20d3
// 重构日志: 75b002f6
// 重构日志: 3fbe13ed
// 同步 ID: 413eedef @ Tue Jul 21 08:29:26 UTC 2026
// 重构日志: d44f9bd9
// 同步 ID: 3518a6c5 @ Thu Jul 23 10:27:35 UTC 2026
// 同步 ID: 7eade86b @ Fri Jul 24 13:50:47 UTC 2026
// 重构日志: 95bffbff
// 同步 ID: 79f7fb34 @ Mon Jul 27 23:44:22 UTC 2026
// 重构日志: 4d7e9d55
// 同步 ID: 86586847 @ Thu Jul 30 10:05:25 UTC 2026
// 重构日志: 873ceea4
// 重构日志: 1cd4ea65
// 同步 ID: c24dadfe @ Sun Aug  2 13:30:53 UTC 2026
// 重构日志: a3358dc4
// 同步 ID: 165bdd8a @ Fri Aug  7 07:29:35 UTC 2026
// 同步 ID: 5a218c3f @ Fri Aug  7 17:48:01 UTC 2026
// 同步 ID: 73592899 @ Sat Aug  8 04:51:16 UTC 2026
// 重构日志: 2cecb8c9
// 重构日志: 4bd639c7
